------------------------------------------------------------
Timing Analyzer Summary
------------------------------------------------------------

Type  : Slow 1100mV 85C Model Setup 'CLOCK_50'
Slack : -66.596
TNS   : -79266.249

Type  : Slow 1100mV 85C Model Setup 'debug:debug1|X_coord[0]'
Slack : -63.810
TNS   : -254.453

Type  : Slow 1100mV 85C Model Setup 'debug:debug1|Y_coord[0]'
Slack : -12.873
TNS   : -364.254

Type  : Slow 1100mV 85C Model Setup 'current_instruction[0]'
Slack : -7.379
TNS   : -27.164

Type  : Slow 1100mV 85C Model Setup 'mem_addr[0]'
Slack : -7.243
TNS   : -203.177

Type  : Slow 1100mV 85C Model Setup 'debug:debug1|ascii_master_controller:ascii_master_controller1|vga_controller:controller|clock_divider:clock|clk_25'
Slack : -3.057
TNS   : -92.521

Type  : Slow 1100mV 85C Model Hold 'debug:debug1|Y_coord[0]'
Slack : -0.238
TNS   : -0.238

Type  : Slow 1100mV 85C Model Hold 'CLOCK_50'
Slack : 0.308
TNS   : 0.000

Type  : Slow 1100mV 85C Model Hold 'debug:debug1|ascii_master_controller:ascii_master_controller1|vga_controller:controller|clock_divider:clock|clk_25'
Slack : 0.540
TNS   : 0.000

Type  : Slow 1100mV 85C Model Hold 'mem_addr[0]'
Slack : 0.662
TNS   : 0.000

Type  : Slow 1100mV 85C Model Hold 'debug:debug1|X_coord[0]'
Slack : 1.306
TNS   : 0.000

Type  : Slow 1100mV 85C Model Hold 'current_instruction[0]'
Slack : 1.494
TNS   : 0.000

Type  : Slow 1100mV 85C Model Minimum Pulse Width 'CLOCK_50'
Slack : -2.174
TNS   : -36953.111

Type  : Slow 1100mV 85C Model Minimum Pulse Width 'debug:debug1|Y_coord[0]'
Slack : -1.409
TNS   : -114.165

Type  : Slow 1100mV 85C Model Minimum Pulse Width 'debug:debug1|ascii_master_controller:ascii_master_controller1|vga_controller:controller|clock_divider:clock|clk_25'
Slack : -0.394
TNS   : -20.510

Type  : Slow 1100mV 85C Model Minimum Pulse Width 'mem_addr[0]'
Slack : 0.052
TNS   : 0.000

Type  : Slow 1100mV 85C Model Minimum Pulse Width 'debug:debug1|X_coord[0]'
Slack : 0.299
TNS   : 0.000

Type  : Slow 1100mV 85C Model Minimum Pulse Width 'current_instruction[0]'
Slack : 0.323
TNS   : 0.000

Type  : Slow 1100mV 0C Model Setup 'CLOCK_50'
Slack : -68.613
TNS   : -75147.164

Type  : Slow 1100mV 0C Model Setup 'debug:debug1|X_coord[0]'
Slack : -66.225
TNS   : -264.003

Type  : Slow 1100mV 0C Model Setup 'debug:debug1|Y_coord[0]'
Slack : -12.637
TNS   : -358.750

Type  : Slow 1100mV 0C Model Setup 'current_instruction[0]'
Slack : -7.270
TNS   : -26.925

Type  : Slow 1100mV 0C Model Setup 'mem_addr[0]'
Slack : -7.252
TNS   : -204.748

Type  : Slow 1100mV 0C Model Setup 'debug:debug1|ascii_master_controller:ascii_master_controller1|vga_controller:controller|clock_divider:clock|clk_25'
Slack : -3.059
TNS   : -91.913

Type  : Slow 1100mV 0C Model Hold 'debug:debug1|Y_coord[0]'
Slack : -0.191
TNS   : -0.191

Type  : Slow 1100mV 0C Model Hold 'CLOCK_50'
Slack : 0.075
TNS   : 0.000

Type  : Slow 1100mV 0C Model Hold 'debug:debug1|ascii_master_controller:ascii_master_controller1|vga_controller:controller|clock_divider:clock|clk_25'
Slack : 0.550
TNS   : 0.000

Type  : Slow 1100mV 0C Model Hold 'mem_addr[0]'
Slack : 0.670
TNS   : 0.000

Type  : Slow 1100mV 0C Model Hold 'debug:debug1|X_coord[0]'
Slack : 1.252
TNS   : 0.000

Type  : Slow 1100mV 0C Model Hold 'current_instruction[0]'
Slack : 1.351
TNS   : 0.000

Type  : Slow 1100mV 0C Model Minimum Pulse Width 'CLOCK_50'
Slack : -2.174
TNS   : -36932.673

Type  : Slow 1100mV 0C Model Minimum Pulse Width 'debug:debug1|Y_coord[0]'
Slack : -1.296
TNS   : -99.792

Type  : Slow 1100mV 0C Model Minimum Pulse Width 'debug:debug1|ascii_master_controller:ascii_master_controller1|vga_controller:controller|clock_divider:clock|clk_25'
Slack : -0.394
TNS   : -19.963

Type  : Slow 1100mV 0C Model Minimum Pulse Width 'mem_addr[0]'
Slack : 0.067
TNS   : 0.000

Type  : Slow 1100mV 0C Model Minimum Pulse Width 'debug:debug1|X_coord[0]'
Slack : 0.332
TNS   : 0.000

Type  : Slow 1100mV 0C Model Minimum Pulse Width 'current_instruction[0]'
Slack : 0.373
TNS   : 0.000

Type  : Fast 1100mV 85C Model Setup 'CLOCK_50'
Slack : -35.833
TNS   : -51159.199

Type  : Fast 1100mV 85C Model Setup 'debug:debug1|X_coord[0]'
Slack : -33.661
TNS   : -133.655

Type  : Fast 1100mV 85C Model Setup 'debug:debug1|Y_coord[0]'
Slack : -7.996
TNS   : -218.963

Type  : Fast 1100mV 85C Model Setup 'current_instruction[0]'
Slack : -4.182
TNS   : -14.760

Type  : Fast 1100mV 85C Model Setup 'mem_addr[0]'
Slack : -4.024
TNS   : -110.531

Type  : Fast 1100mV 85C Model Setup 'debug:debug1|ascii_master_controller:ascii_master_controller1|vga_controller:controller|clock_divider:clock|clk_25'
Slack : -1.419
TNS   : -42.224

Type  : Fast 1100mV 85C Model Hold 'debug:debug1|Y_coord[0]'
Slack : -0.174
TNS   : -0.174

Type  : Fast 1100mV 85C Model Hold 'CLOCK_50'
Slack : 0.127
TNS   : 0.000

Type  : Fast 1100mV 85C Model Hold 'debug:debug1|ascii_master_controller:ascii_master_controller1|vga_controller:controller|clock_divider:clock|clk_25'
Slack : 0.211
TNS   : 0.000

Type  : Fast 1100mV 85C Model Hold 'mem_addr[0]'
Slack : 0.283
TNS   : 0.000

Type  : Fast 1100mV 85C Model Hold 'debug:debug1|X_coord[0]'
Slack : 0.683
TNS   : 0.000

Type  : Fast 1100mV 85C Model Hold 'current_instruction[0]'
Slack : 1.026
TNS   : 0.000

Type  : Fast 1100mV 85C Model Minimum Pulse Width 'CLOCK_50'
Slack : -2.174
TNS   : -36112.858

Type  : Fast 1100mV 85C Model Minimum Pulse Width 'debug:debug1|Y_coord[0]'
Slack : -0.845
TNS   : -46.604

Type  : Fast 1100mV 85C Model Minimum Pulse Width 'debug:debug1|ascii_master_controller:ascii_master_controller1|vga_controller:controller|clock_divider:clock|clk_25'
Slack : -0.019
TNS   : -0.019

Type  : Fast 1100mV 85C Model Minimum Pulse Width 'mem_addr[0]'
Slack : 0.066
TNS   : 0.000

Type  : Fast 1100mV 85C Model Minimum Pulse Width 'current_instruction[0]'
Slack : 0.323
TNS   : 0.000

Type  : Fast 1100mV 85C Model Minimum Pulse Width 'debug:debug1|X_coord[0]'
Slack : 0.336
TNS   : 0.000

Type  : Fast 1100mV 0C Model Setup 'CLOCK_50'
Slack : -33.290
TNS   : -43047.992

Type  : Fast 1100mV 0C Model Setup 'debug:debug1|X_coord[0]'
Slack : -31.486
TNS   : -125.330

Type  : Fast 1100mV 0C Model Setup 'debug:debug1|Y_coord[0]'
Slack : -7.194
TNS   : -198.258

Type  : Fast 1100mV 0C Model Setup 'current_instruction[0]'
Slack : -3.776
TNS   : -13.457

Type  : Fast 1100mV 0C Model Setup 'mem_addr[0]'
Slack : -3.746
TNS   : -103.678

Type  : Fast 1100mV 0C Model Setup 'debug:debug1|ascii_master_controller:ascii_master_controller1|vga_controller:controller|clock_divider:clock|clk_25'
Slack : -1.285
TNS   : -37.402

Type  : Fast 1100mV 0C Model Hold 'debug:debug1|Y_coord[0]'
Slack : -0.134
TNS   : -0.134

Type  : Fast 1100mV 0C Model Hold 'CLOCK_50'
Slack : 0.045
TNS   : 0.000

Type  : Fast 1100mV 0C Model Hold 'debug:debug1|ascii_master_controller:ascii_master_controller1|vga_controller:controller|clock_divider:clock|clk_25'
Slack : 0.194
TNS   : 0.000

Type  : Fast 1100mV 0C Model Hold 'mem_addr[0]'
Slack : 0.284
TNS   : 0.000

Type  : Fast 1100mV 0C Model Hold 'debug:debug1|X_coord[0]'
Slack : 0.611
TNS   : 0.000

Type  : Fast 1100mV 0C Model Hold 'current_instruction[0]'
Slack : 0.868
TNS   : 0.000

Type  : Fast 1100mV 0C Model Minimum Pulse Width 'CLOCK_50'
Slack : -2.174
TNS   : -36135.055

Type  : Fast 1100mV 0C Model Minimum Pulse Width 'debug:debug1|Y_coord[0]'
Slack : -0.650
TNS   : -31.907

Type  : Fast 1100mV 0C Model Minimum Pulse Width 'debug:debug1|ascii_master_controller:ascii_master_controller1|vga_controller:controller|clock_divider:clock|clk_25'
Slack : 0.025
TNS   : 0.000

Type  : Fast 1100mV 0C Model Minimum Pulse Width 'mem_addr[0]'
Slack : 0.132
TNS   : 0.000

Type  : Fast 1100mV 0C Model Minimum Pulse Width 'debug:debug1|X_coord[0]'
Slack : 0.360
TNS   : 0.000

Type  : Fast 1100mV 0C Model Minimum Pulse Width 'current_instruction[0]'
Slack : 0.365
TNS   : 0.000

------------------------------------------------------------
